// Jest Snapshot v1, https://goo.gl/fbAQLP

exports[`<Gameinfo /> should render buttons 1`] = ` `
