// Jest Snapshot v1, https://goo.gl/fbAQLP

exports[`<Button /> should render medium size by defalt 1`] = ` `
