// Jest Snapshot v1, https://goo.gl/fbAQLP

exports[`<Banner /> should render Banner correctly 1`] = ` `
